00:00 +0: loading /Users/chiragpatel/Projects/voice-memory/apps/mobile/test/archive_export_pack_test.dart
00:00 +0: /Users/chiragpatel/Projects/voice-memory/apps/mobile/test/delete_account_confirmation_test.dart: Delete account confirmation shows a confirmation dialog before deleting
00:00 +1: /Users/chiragpatel/Projects/voice-memory/apps/mobile/test/delete_account_confirmation_test.dart: Delete account confirmation shows a confirmation dialog before deleting
00:00 +2: /Users/chiragpatel/Projects/voice-memory/apps/mobile/test/delete_account_confirmation_test.dart: Delete account confirmation shows a confirmation dialog before deleting
00:00 +3: /Users/chiragpatel/Projects/voice-memory/apps/mobile/test/delete_account_confirmation_test.dart: Delete account confirmation shows a confirmation dialog before deleting
00:00 +4: /Users/chiragpatel/Projects/voice-memory/apps/mobile/test/delete_account_confirmation_test.dart: Delete account confirmation shows a confirmation dialog before deleting
00:00 +5: /Users/chiragpatel/Projects/voice-memory/apps/mobile/test/delete_account_confirmation_test.dart: Delete account confirmation shows a confirmation dialog before deleting
00:00 +6: /Users/chiragpatel/Projects/voice-memory/apps/mobile/test/delete_account_confirmation_test.dart: Delete account confirmation shows a confirmation dialog before deleting
00:00 +7: /Users/chiragpatel/Projects/voice-memory/apps/mobile/test/delete_account_confirmation_test.dart: Delete account confirmation shows a confirmation dialog before deleting
00:00 +8: /Users/chiragpatel/Projects/voice-memory/apps/mobile/test/delete_account_confirmation_test.dart: Delete account confirmation shows a confirmation dialog before deleting
00:00 +9: /Users/chiragpatel/Projects/voice-memory/apps/mobile/test/delete_account_confirmation_test.dart: Delete account confirmation shows a confirmation dialog before deleting
00:00 +10: /Users/chiragpatel/Projects/voice-memory/apps/mobile/test/delete_account_confirmation_test.dart: Delete account confirmation shows a confirmation dialog before deleting
00:00 +11: /Users/chiragpatel/Projects/voice-memory/apps/mobile/test/delete_account_confirmation_test.dart: Delete account confirmation shows a confirmation dialog before deleting
00:00 +12: /Users/chiragpatel/Projects/voice-memory/apps/mobile/test/delete_account_confirmation_test.dart: Delete account confirmation shows a confirmation dialog before deleting
00:00 +13: /Users/chiragpatel/Projects/voice-memory/apps/mobile/test/delete_account_confirmation_test.dart: Delete account confirmation shows a confirmation dialog before deleting
00:00 +14: /Users/chiragpatel/Projects/voice-memory/apps/mobile/test/delete_account_confirmation_test.dart: Delete account confirmation shows a confirmation dialog before deleting
00:00 +15: /Users/chiragpatel/Projects/voice-memory/apps/mobile/test/delete_account_confirmation_test.dart: Delete account confirmation shows a confirmation dialog before deleting
00:00 +16: /Users/chiragpatel/Projects/voice-memory/apps/mobile/test/delete_account_confirmation_test.dart: Delete account confirmation shows a confirmation dialog before deleting
00:00 +17: /Users/chiragpatel/Projects/voice-memory/apps/mobile/test/delete_account_confirmation_test.dart: Delete account confirmation shows a confirmation dialog before deleting
00:00 +18: /Users/chiragpatel/Projects/voice-memory/apps/mobile/test/delete_account_confirmation_test.dart: Delete account confirmation cancelling the dialog does not start deletion
00:00 +19: /Users/chiragpatel/Projects/voice-memory/apps/mobile/test/delete_account_confirmation_test.dart: Delete account confirmation confirming dismisses the dialog and calls deleteAccount
00:01 +20: /Users/chiragpatel/Projects/voice-memory/apps/mobile/test/delete_account_confirmation_test.dart: Delete account confirmation successful server deletion offers a separate local-data wipe choice
ARCHIVEME_LOG event=auth_signOut_failed severity=error category=auth success=false error_code=http_400 http_status=400
00:01 +21: /Users/chiragpatel/Projects/voice-memory/apps/mobile/test/delete_account_confirmation_test.dart: Delete account confirmation accepting the local-data wipe offer opens the double-confirmation wipe dialog
ARCHIVEME_LOG event=auth_signOut_failed severity=error category=auth success=false error_code=http_400 http_status=400
00:01 +22: /Users/chiragpatel/Projects/voice-memory/apps/mobile/test/delete_account_confirmation_test.dart: Delete account confirmation remains usable at 300% text scale (no overflow)
00:01 +23: /Users/chiragpatel/Projects/voice-memory/apps/mobile/test/delete_account_confirmation_test.dart: Delete account confirmation delete button stays reachable on a narrow small screen
00:01 +24: /Users/chiragpatel/Projects/voice-memory/apps/mobile/test/delete_account_confirmation_test.dart: Delete account confirmation remains usable at 200% text scale (no overflow)
00:01 +25: /Users/chiragpatel/Projects/voice-memory/apps/mobile/test/delete_account_confirmation_test.dart: Delete account confirmation confirmation dialog exposes real semantics labels
00:01 +26: /Users/chiragpatel/Projects/voice-memory/apps/mobile/test/delete_account_confirmation_test.dart: Delete account confirmation failed deletion stays explicit and allows retry
00:01 +27: /Users/chiragpatel/Projects/voice-memory/apps/mobile/test/delete_account_confirmation_test.dart: Delete account confirmation deletionCompletedMessage describes confirmed server deletion
00:01 +28: /Users/chiragpatel/Projects/voice-memory/apps/mobile/test/delete_account_confirmation_test.dart: Delete account confirmation successful server deletion shows completion copy only after confirm
ARCHIVEME_LOG event=auth_signOut_failed severity=error category=auth success=false error_code=http_400 http_status=400
00:02 +29: All tests passed!